// Jest Snapshot v1, https://goo.gl/fbAQLP

exports[`list 페이지 snapshot 테스트 1`] = `
<div>
  <div
    class="css-1g8wo0y"
  >
    <button
      class="css-1jvn6fp"
    >
      상품등록
    </button>
    <div>
      <section
        class="css-1eehnxl"
      />
    </div>
  </div>
</div>
`;
